[stdout] 
[stdout] 🚀 Backtest Alpha Trade : 2024-11-01 → 2024-12-05, capital=2,000$
[stdout]    preset_capital=capital_0_2000_eur (explicit_key) | fingerprint=971f046391554128
[stdout] 
[stdout]    TP=8.0%, TS=5.0%, max_positions=10
[stdout] 
[stdout]    engine_mode=pipeline strict_pit=True
[stdout] 
[stdout]    phase2_mode=risk_execution
[stdout] 
[stdout]    phase3_mode=execution_replay
[stdout] 
[stdout]    phase4_mode=protection_replay
[stdout] 
[stdout]    phase5_mode=watcher_replay
[stdout] 
[stdout]    phase7_mode=exit_lifecycle_replay
[stdout] 
[stdout]    ml_mode=auto, sentiment_mode=auto
[stdout] 
[stdout]    ml_pit_strategy=use-persisted
[stdout] 
[stdout]    score_column=auto walk_forward_artifacts_dir=auto-disabled
[stdout] 
[stdout]    account_type=cash pdt_rule=off swing_only=True
[stdout] 
[stdout]    convention_exécution=signal J → entrée J+1 au vrai open
[stdout] 
[stdout] 📊 Chargement OHLCV...
[stderr] W0510 10:09:33.244000 10108 site-packages\torch\utils\flop_counter.py:29] triton not found; flop counting will not work for triton kernels
[stdout] 2026-05-10 10:11:11,015 INFO     backtesting.data_loader -- OHLCV chargé : 669491 lignes, 9569 symboles, [2024-08-26 → 2024-12-05]
[stdout]    warmup_ohlcv=67 jours calendaires (2024-08-26 → 2024-11-01) pour ATR/corrélation phase2
[stdout] 
[stdout] 📈 Chargement scores...
[stdout] 2026-05-10 10:11:11,039 INFO     backtesting.data_loader -- Scores candidats chargés depuis stock_scores_history : 375 lignes | preset=capital_0_2000_eur
[stdout] 🤖 Chargement prédictions ML...
[stdout] 2026-05-10 10:11:12,472 INFO     backtesting.data_loader -- Prédictions ML chargées : 0 lignes (filter symbols=False)
[stdout] 2026-05-10 10:11:12,486 WARNING  backtesting.resilience -- ML PIT strategy=use-persisted — 375 prédiction(s) manquante(s), aucun rebuild tenté.
[stdout] 🔄 Reconstruction des signaux de conviction...
[stdout] 2026-05-10 10:11:13,056 INFO     risk_management.risk_checker -- Position reduite pour TPL: 1 -> 0 (max_gross_exposure atteint)
[stdout] 2026-05-10 10:11:13,056 INFO     risk_management.risk_checker -- Position reduite pour VSCO: 11 -> 0 (max_gross_exposure atteint)
[stdout] 2026-05-10 10:11:13,056 INFO     risk_management.risk_checker -- Position reduite pour RKLB: 22 -> 0 (min_position_notional non atteint)
[stdout] 2026-05-10 10:11:13,056 INFO     risk_management.risk_checker -- Position reduite pour AGX: 2 -> 0 (max_gross_exposure atteint)
[stdout] 2026-05-10 10:11:13,056 INFO     risk_management.risk_checker -- Position reduite pour UPST: 4 -> 0 (max_gross_exposure atteint)
[stdout] 2026-05-10 10:11:13,056 INFO     risk_management.risk_checker -- Position reduite pour CRDO: 7 -> 0 (max_gross_exposure atteint)
[stdout] 2026-05-10 10:11:13,056 INFO     risk_management.risk_checker -- Position reduite pour VNO: 13 -> 0 (max_gross_exposure atteint)
[stdout] 2026-05-10 10:11:13,056 INFO     risk_management.risk_checker -- Position reduite pour GNRC: 2 -> 0 (max_gross_exposure atteint)
[stdout] 2026-05-10 10:11:13,056 INFO     risk_management.risk_checker -- Position reduite pour GWRE: 5 -> 0 (max_gross_exposure atteint)
[stdout] 2026-05-10 10:11:13,108 INFO     risk_management.risk_checker -- Position reduite pour CAVA: 3 -> 0 (max_gross_exposure atteint)
[stdout] 2026-05-10 10:11:13,108 INFO     risk_management.risk_checker -- Position reduite pour AGX: 2 -> 0 (max_gross_exposure atteint)
[stdout] 2026-05-10 10:11:13,108 INFO     risk_management.risk_checker -- Position reduite pour VSCO: 11 -> 0 (max_gross_exposure atteint)
[stdout] 2026-05-10 10:11:13,108 INFO     risk_management.risk_checker -- Position reduite pour SEZL: 5 -> 0 (max_gross_exposure atteint)
[stdout] 2026-05-10 10:11:13,108 INFO     risk_management.risk_checker -- Position reduite pour CRDO: 7 -> 0 (max_gross_exposure atteint)
[stdout] 2026-05-10 10:11:13,108 INFO     risk_management.risk_checker -- Position reduite pour VNO: 13 -> 0 (max_gross_exposure atteint)
[stdout] 2026-05-10 10:11:13,108 INFO     risk_management.risk_checker -- Position reduite pour GWRE: 5 -> 0 (max_gross_exposure atteint)
[stdout] 2026-05-10 10:11:13,108 INFO     risk_management.risk_checker -- Position reduite pour UAL: 5 -> 0 (max_gross_exposure atteint)
[stdout] 2026-05-10 10:11:13,108 INFO     risk_management.risk_checker -- Position reduite pour GNRC: 2 -> 0 (max_gross_exposure atteint)
[stdout] 2026-05-10 10:11:13,167 INFO     risk_management.risk_checker -- Position reduite pour VNO: 12 -> 0 (max_gross_exposure atteint)
[stdout] 2026-05-10 10:11:13,167 INFO     risk_management.risk_checker -- Position reduite pour VSCO: 11 -> 0 (max_gross_exposure atteint)
[stdout] 2026-05-10 10:11:13,167 INFO     risk_management.risk_checker -- Position reduite pour CSW: 1 -> 0 (max_gross_exposure atteint)
[stdout] 2026-05-10 10:11:13,167 INFO     risk_management.risk_checker -- Position reduite pour KGC: 51 -> 0 (max_gross_exposure atteint)
[stdout] 2026-05-10 10:11:13,167 INFO     risk_management.risk_checker -- Position reduite pour GDS: 11 -> 0 (max_gross_exposure atteint)
[stdout] 2026-05-10 10:11:13,167 INFO     risk_management.risk_checker -- Position reduite pour CRDO: 6 -> 0 (max_gross_exposure atteint)
[stdout] 2026-05-10 10:11:13,167 INFO     risk_management.risk_checker -- Position reduite pour MLI: 6 -> 0 (max_gross_exposure atteint)
[stdout] 2026-05-10 10:11:13,167 INFO     risk_management.risk_checker -- Position reduite pour CAVA: 3 -> 0 (max_gross_exposure atteint)
[stdout] 2026-05-10 10:11:13,214 INFO     risk_management.risk_checker -- Position reduite pour GDS: 11 -> 0 (max_gross_exposure atteint)
[stdout] 2026-05-10 10:11:13,215 INFO     risk_management.risk_checker -- Position reduite pour UPST: 4 -> 0 (max_gross_exposure atteint)
[stdout] 2026-05-10 10:11:13,215 INFO     risk_management.risk_checker -- Position reduite pour SMFG: 58 -> 0 (max_gross_exposure atteint)
[stdout] 2026-05-10 10:11:13,215 INFO     risk_management.risk_checker -- Position reduite pour AXGN: 21 -> 0 (max_gross_exposure atteint)
[stdout] 2026-05-10 10:11:13,215 INFO     risk_management.risk_checker -- Position reduite pour COHR: 4 -> 0 (max_gross_exposure atteint)
[stdout] 2026-05-10 10:11:13,215 INFO     risk_management.risk_checker -- Position reduite pour BV: 29 -> 0 (max_gross_exposure atteint)
[stdout] 2026-05-10 10:11:13,215 INFO     risk_management.risk_checker -- Position reduite pour LBRDK: 5 -> 0 (max_gross_exposure atteint)
[stdout] 2026-05-10 10:11:13,215 INFO     risk_management.risk_checker -- Position reduite pour NTGR: 18 -> 0 (max_gross_exposure atteint)
[stdout] 2026-05-10 10:11:13,263 INFO     risk_management.risk_checker -- Position reduite pour CAVA: 3 -> 0 (max_gross_exposure atteint)
[stdout] 2026-05-10 10:11:13,263 INFO     risk_management.risk_checker -- Position reduite pour ERII: 22 -> 0 (min_position_notional non atteint)
[stdout] 2026-05-10 10:11:13,264 INFO     risk_management.risk_checker -- Position reduite pour CSW: 1 -> 0 (max_gross_exposure atteint)
[stdout] 2026-05-10 10:11:13,264 INFO     risk_management.risk_checker -- Position reduite pour RKLB: 21 -> 0 (min_position_notional non atteint)
[stdout] 2026-05-10 10:11:13,264 INFO     risk_management.risk_checker -- Position reduite pour VSCO: 10 -> 0 (min_position_notional non atteint)
[stdout] 2026-05-10 10:11:13,264 INFO     risk_management.risk_checker -- Position reduite pour CRDO: 6 -> 0 (max_gross_exposure atteint)
[stdout] 2026-05-10 10:11:13,264 INFO     risk_management.risk_checker -- Position reduite pour GGAL: 6 -> 0 (max_gross_exposure atteint)
[stdout] 2026-05-10 10:11:13,264 INFO     risk_management.risk_checker -- Position reduite pour AGX: 2 -> 0 (max_gross_exposure atteint)
[stdout] 2026-05-10 10:11:13,313 INFO     risk_management.risk_checker -- Position reduite pour CAVA: 3 -> 0 (max_gross_exposure atteint)
[stdout] 2026-05-10 10:11:13,313 INFO     risk_management.risk_checker -- Position reduite pour CRDO: 6 -> 0 (min_position_notional non atteint)
[stdout] 2026-05-10 10:11:13,313 INFO     risk_management.risk_checker -- Position reduite pour NTGR: 19 -> 0 (min_position_notional non atteint)
[stdout] 2026-05-10 10:11:13,313 INFO     risk_management.risk_checker -- Position reduite pour NN: 23 -> 0 (min_position_notional non atteint)
[stdout] 2026-05-10 10:11:13,313 INFO     risk_management.risk_checker -- Position reduite pour ERII: 21 -> 0 (min_position_notional non atteint)
[stdout] 2026-05-10 10:11:13,313 INFO     risk_management.risk_checker -- Position reduite pour BV: 32 -> 0 (min_position_notional non atteint)
[stdout] 2026-05-10 10:11:13,313 INFO     risk_management.risk_checker -- Position reduite pour FRHC: 5 -> 0 (max_gross_exposure atteint)
[stdout] 2026-05-10 10:11:13,313 INFO     risk_management.risk_checker -- Position reduite pour SSNC: 10 -> 0 (min_position_notional non atteint)
[stdout] 2026-05-10 10:11:13,313 INFO     risk_management.risk_checker -- Position reduite pour CSW: 1 -> 0 (max_gross_exposure atteint)
[stdout] 2026-05-10 10:11:13,364 INFO     risk_management.risk_checker -- Position reduite pour CAVA: 3 -> 0 (max_gross_exposure atteint)
[stdout] 2026-05-10 10:11:13,364 INFO     risk_management.risk_checker -- Position reduite pour NN: 21 -> 0 (min_position_notional non atteint)
[stdout] 2026-05-10 10:11:13,364 INFO     risk_management.risk_checker -- Position reduite pour CHWY: 13 -> 0 (min_position_notional non atteint)
[stdout] 2026-05-10 10:11:13,364 INFO     risk_management.risk_checker -- Position reduite pour MHO: 2 -> 0 (max_gross_exposure atteint)
[stdout] 2026-05-10 10:11:13,364 INFO     risk_management.risk_checker -- Position reduite pour TVTX: 13 -> 0 (min_position_notional non atteint)
[stdout] 2026-05-10 10:11:13,364 INFO     risk_management.risk_checker -- Position reduite pour BV: 31 -> 0 (min_position_notional non atteint)
[stdout] 2026-05-10 10:11:13,364 INFO     risk_management.risk_checker -- Position reduite pour CLS: 4 -> 0 (min_position_notional non atteint)
[stdout] 2026-05-10 10:11:13,364 INFO     risk_management.risk_checker -- Position reduite pour SSNC: 10 -> 0 (min_position_notional non atteint)
[stdout] 2026-05-10 10:11:13,365 INFO     risk_management.risk_checker -- Position reduite pour AGX: 2 -> 0 (max_gross_exposure atteint)
[stdout] 2026-05-10 10:11:13,365 INFO     risk_management.risk_checker -- Position reduite pour NMRK: 29 -> 0 (min_position_notional non atteint)
[stdout] 2026-05-10 10:11:13,415 INFO     risk_management.position_sizer -- Notional insuffisant pour BLK — rejet (shares=0 price=1036.35 notional=0.00 min=150.00).
[stdout] 2026-05-10 10:11:13,416 INFO     risk_management.risk_checker -- Position reduite pour AGX: 2 -> 0 (max_gross_exposure atteint)
[stdout] 2026-05-10 10:11:13,416 INFO     risk_management.risk_checker -- Position reduite pour NN: 20 -> 0 (min_position_notional non atteint)
[stdout] 2026-05-10 10:11:13,416 INFO     risk_management.risk_checker -- Position reduite pour NTGR: 18 -> 0 (min_position_notional non atteint)
[stdout] 2026-05-10 10:11:13,416 INFO     risk_management.risk_checker -- Position reduite pour CAVA: 3 -> 0 (max_gross_exposure atteint)
[stdout] 2026-05-10 10:11:13,416 INFO     risk_management.risk_checker -- Position reduite pour CACI: 1 -> 0 (max_gross_exposure atteint)
[stdout] 2026-05-10 10:11:13,416 INFO     risk_management.risk_checker -- Position reduite pour WGS: 2 -> 0 (max_gross_exposure atteint)
[stdout] 2026-05-10 10:11:13,416 INFO     risk_management.risk_checker -- Position reduite pour NMRK: 29 -> 0 (min_position_notional non atteint)
[stdout] 2026-05-10 10:11:13,416 INFO     risk_management.risk_checker -- Position reduite pour MRVL: 4 -> 0 (max_gross_exposure atteint)
[stdout] 2026-05-10 10:11:13,467 INFO     risk_management.risk_checker -- Position reduite pour PYPL: 6 -> 0 (max_gross_exposure atteint)
[stdout] 2026-05-10 10:11:13,467 INFO     risk_management.risk_checker -- Position reduite pour TVTX: 13 -> 0 (max_gross_exposure atteint)
[stdout] 2026-05-10 10:11:13,467 INFO     risk_management.risk_checker -- Position reduite pour CLS: 4 -> 0 (max_gross_exposure atteint)
[stdout] 2026-05-10 10:11:13,467 INFO     risk_management.risk_checker -- Position reduite pour WGS: 2 -> 0 (max_gross_exposure atteint)
[stdout] 2026-05-10 10:11:13,467 INFO     risk_management.risk_checker -- Position reduite pour PSN: 6 -> 0 (max_gross_exposure atteint)
[stdout] 2026-05-10 10:11:13,467 INFO     risk_management.risk_checker -- Position reduite pour CUK: 23 -> 0 (max_gross_exposure atteint)
[stdout] 2026-05-10 10:11:13,468 INFO     risk_management.risk_checker -- Position reduite pour VNOM: 11 -> 0 (max_gross_exposure atteint)
[stdout] 2026-05-10 10:11:13,468 INFO     risk_management.risk_checker -- Position reduite pour ESI: 20 -> 0 (max_gross_exposure atteint)
[stdout] 2026-05-10 10:11:13,468 INFO     risk_management.risk_checker -- Position reduite pour CRDO: 6 -> 0 (max_gross_exposure atteint)
[stdout] 2026-05-10 10:11:13,468 INFO     risk_management.risk_checker -- Position reduite pour OMC: 9 -> 0 (max_gross_exposure atteint)
[stdout] 2026-05-10 10:11:13,521 INFO     risk_management.risk_checker -- Position reduite pour GGAL: 6 -> 0 (min_position_notional non atteint)
[stdout] 2026-05-10 10:11:13,521 INFO     risk_management.risk_checker -- Position reduite pour CVNA: 7 -> 0 (min_position_notional non atteint)
[stdout] 2026-05-10 10:11:13,521 INFO     risk_management.risk_checker -- Position reduite pour FRHC: 5 -> 0 (max_gross_exposure atteint)
[stdout] 2026-05-10 10:11:13,521 INFO     risk_management.risk_checker -- Position reduite pour AGX: 2 -> 0 (max_gross_exposure atteint)
[stdout] 2026-05-10 10:11:13,521 INFO     risk_management.risk_checker -- Position reduite pour YPF: 13 -> 0 (min_position_notional non atteint)
[stdout] 2026-05-10 10:11:13,521 INFO     risk_management.risk_checker -- Position reduite pour TVTX: 13 -> 0 (min_position_notional non atteint)
[stdout] 2026-05-10 10:11:13,521 INFO     risk_management.risk_checker -- Position reduite pour RBLX: 7 -> 0 (min_position_notional non atteint)
[stdout] 2026-05-10 10:11:13,521 INFO     risk_management.risk_checker -- Position reduite pour MRVL: 4 -> 0 (min_position_notional non atteint)
[stdout] 2026-05-10 10:11:13,521 INFO     risk_management.risk_checker -- Position reduite pour ISRG: 1 -> 0 (max_gross_exposure atteint)
[stdout] 2026-05-10 10:11:13,521 INFO     risk_management.risk_checker -- Position reduite pour CLS: 4 -> 0 (min_position_notional non atteint)
[stdout] 2026-05-10 10:11:13,574 INFO     risk_management.position_sizer -- Notional insuffisant pour CAPR — rejet (shares=8 price=18.61 notional=148.88 min=150.00).
[stdout] 2026-05-10 10:11:13,575 INFO     risk_management.risk_checker -- Position reduite pour WVE: 15 -> 0 (min_position_notional non atteint)
[stdout] 2026-05-10 10:11:13,575 INFO     risk_management.risk_checker -- Position reduite pour SKWD: 10 -> 0 (max_gross_exposure atteint)
[stdout] 2026-05-10 10:11:13,575 INFO     risk_management.risk_checker -- Position reduite pour CLS: 4 -> 0 (max_gross_exposure atteint)
[stdout] 2026-05-10 10:11:13,575 INFO     risk_management.risk_checker -- Position reduite pour YPF: 13 -> 0 (min_position_notional non atteint)
[stdout] 2026-05-10 10:11:13,575 INFO     risk_management.risk_checker -- Position reduite pour LOMA: 41 -> 0 (min_position_notional non atteint)
[stdout] 2026-05-10 10:11:13,575 INFO     risk_management.risk_checker -- Position reduite pour FRHC: 5 -> 0 (max_gross_exposure atteint)
[stdout] 2026-05-10 10:11:13,575 INFO     risk_management.risk_checker -- Position reduite pour RPM: 6 -> 0 (max_gross_exposure atteint)
[stdout] 2026-05-10 10:11:13,575 INFO     risk_management.risk_checker -- Position reduite pour GGAL: 6 -> 0 (max_gross_exposure atteint)
[stdout] 2026-05-10 10:11:13,575 INFO     risk_management.risk_checker -- Position reduite pour CUK: 23 -> 0 (min_position_notional non atteint)
[stdout] 2026-05-10 10:11:13,630 INFO     risk_management.risk_checker -- Position reduite pour GRMN: 2 -> 0 (max_gross_exposure atteint)
[stdout] 2026-05-10 10:11:13,630 INFO     risk_management.risk_checker -- Position reduite pour GWRE: 5 -> 0 (max_gross_exposure atteint)
[stdout] 2026-05-10 10:11:13,630 INFO     risk_management.risk_checker -- Position reduite pour GBX: 7 -> 0 (min_position_notional non atteint)
[stdout] 2026-05-10 10:11:13,630 INFO     risk_management.risk_checker -- Position reduite pour LOMA: 38 -> 0 (min_position_notional non atteint)
[stdout] 2026-05-10 10:11:13,630 INFO     risk_management.risk_checker -- Position reduite pour TVTX: 13 -> 0 (min_position_notional non atteint)
[stdout] 2026-05-10 10:11:13,630 INFO     risk_management.risk_checker -- Position reduite pour FRHC: 5 -> 0 (max_gross_exposure atteint)
[stdout] 2026-05-10 10:11:13,630 INFO     risk_management.risk_checker -- Position reduite pour ATAT: 13 -> 0 (min_position_notional non atteint)
[stdout] 2026-05-10 10:11:13,630 INFO     risk_management.risk_checker -- Position reduite pour COCO: 10 -> 0 (min_position_notional non atteint)
[stdout] 2026-05-10 10:11:13,630 INFO     risk_management.risk_checker -- Position reduite pour GGAL: 6 -> 0 (min_position_notional non atteint)
[stdout] 2026-05-10 10:11:13,630 INFO     risk_management.risk_checker -- Position reduite pour CRMD: 15 -> 0 (min_position_notional non atteint)
[stdout] 2026-05-10 10:11:13,680 INFO     risk_management.risk_checker -- Position reduite pour CUZ: 21 -> 0 (min_position_notional non atteint)
[stdout] 2026-05-10 10:11:13,680 INFO     risk_management.risk_checker -- Position reduite pour PAYO: 38 -> 0 (min_position_notional non atteint)
[stdout] 2026-05-10 10:11:13,680 INFO     risk_management.risk_checker -- Position reduite pour CAPR: 9 -> 0 (min_position_notional non atteint)
[stdout] 2026-05-10 10:11:13,680 INFO     risk_management.risk_checker -- Position reduite pour GWRE: 5 -> 0 (max_gross_exposure atteint)
[stdout] 2026-05-10 10:11:13,680 INFO     risk_management.risk_checker -- Position reduite pour WVE: 14 -> 0 (min_position_notional non atteint)
[stdout] 2026-05-10 10:11:13,680 INFO     risk_management.risk_checker -- Position reduite pour CVCO: 1 -> 0 (max_gross_exposure atteint)
[stdout] 2026-05-10 10:11:13,680 INFO     risk_management.risk_checker -- Position reduite pour NCLH: 14 -> 0 (min_position_notional non atteint)
[stdout] 2026-05-10 10:11:13,680 INFO     risk_management.risk_checker -- Position reduite pour GBX: 7 -> 0 (min_position_notional non atteint)
[stdout] 2026-05-10 10:11:13,680 INFO     risk_management.position_sizer -- Notional insuffisant pour FIX — rejet (shares=0 price=474.43 notional=0.00 min=150.00).
[stdout] 2026-05-10 10:11:13,680 INFO     risk_management.risk_checker -- Position reduite pour MRVL: 4 -> 0 (min_position_notional non atteint)
[stdout] 2026-05-10 10:11:13,730 INFO     risk_management.risk_checker -- Position reduite pour CLS: 3 -> 0 (max_gross_exposure atteint)
[stdout] 2026-05-10 10:11:13,730 INFO     risk_management.position_sizer -- Notional insuffisant pour TPL — rejet (shares=0 price=483.57 notional=0.00 min=150.00).
[stdout] 2026-05-10 10:11:13,730 INFO     risk_management.risk_checker -- Position reduite pour GWRE: 4 -> 0 (max_gross_exposure atteint)
[stdout] 2026-05-10 10:11:13,730 INFO     risk_management.risk_checker -- Position reduite pour CSW: 1 -> 0 (max_gross_exposure atteint)
[stdout] 2026-05-10 10:11:13,730 INFO     risk_management.risk_checker -- Position reduite pour TILE: 16 -> 0 (max_gross_exposure atteint)
[stdout] 2026-05-10 10:11:13,730 INFO     risk_management.risk_checker -- Position reduite pour UAL: 4 -> 0 (max_gross_exposure atteint)
[stdout] 2026-05-10 10:11:13,730 INFO     risk_management.risk_checker -- Position reduite pour HURN: 3 -> 0 (max_gross_exposure atteint)
[stdout] 2026-05-10 10:11:13,730 INFO     risk_management.risk_checker -- Position reduite pour PAYO: 37 -> 0 (max_gross_exposure atteint)
[stdout] 2026-05-10 10:11:13,730 INFO     risk_management.risk_checker -- Position reduite pour CAPR: 9 -> 0 (max_gross_exposure atteint)
[stdout] 2026-05-10 10:11:13,788 INFO     risk_management.risk_checker -- Position reduite pour UAL: 4 -> 0 (max_gross_exposure atteint)
[stdout] 2026-05-10 10:11:13,788 INFO     risk_management.risk_checker -- Position reduite pour CUK: 22 -> 0 (min_position_notional non atteint)
[stdout] 2026-05-10 10:11:13,788 INFO     risk_management.risk_checker -- Position reduite pour CSW: 1 -> 0 (max_gross_exposure atteint)
[stdout] 2026-05-10 10:11:13,788 INFO     risk_management.position_sizer -- Notional insuffisant pour TPL — rejet (shares=0 price=505.18 notional=0.00 min=150.00).
[stdout] 2026-05-10 10:11:13,788 INFO     risk_management.risk_checker -- Position reduite pour SXC: 31 -> 0 (min_position_notional non atteint)
[stdout] 2026-05-10 10:11:13,788 INFO     risk_management.risk_checker -- Position reduite pour DXPE: 5 -> 0 (min_position_notional non atteint)
[stdout] 2026-05-10 10:11:13,788 INFO     risk_management.position_sizer -- Notional insuffisant pour APP — rejet (shares=0 price=318.24 notional=0.00 min=150.00).
[stdout] 2026-05-10 10:11:13,788 INFO     risk_management.risk_checker -- Position reduite pour Z: 4 -> 0 (max_gross_exposure atteint)
[stdout] 2026-05-10 10:11:13,788 INFO     risk_management.risk_checker -- Position reduite pour PIPR: 5 -> 0 (max_gross_exposure atteint)
[stdout] 2026-05-10 10:11:13,838 INFO     risk_management.position_sizer -- Notional insuffisant pour APP — rejet (shares=0 price=333.31 notional=0.00 min=150.00).
[stdout] 2026-05-10 10:11:13,838 INFO     risk_management.position_sizer -- Notional insuffisant pour AMSC — rejet (shares=4 price=34.22 notional=136.88 min=150.00).
[stdout] 2026-05-10 10:11:13,838 INFO     risk_management.position_sizer -- Notional insuffisant pour AXON — rejet (shares=0 price=636.95 notional=0.00 min=150.00).
[stdout] 2026-05-10 10:11:13,838 INFO     risk_management.risk_checker -- Position reduite pour EAT: 3 -> 0 (max_gross_exposure atteint)
[stdout] 2026-05-10 10:11:13,838 INFO     risk_management.risk_checker -- Position reduite pour Z: 4 -> 0 (max_gross_exposure atteint)
[stdout] 2026-05-10 10:11:13,838 INFO     risk_management.risk_checker -- Position reduite pour AAON: 2 -> 0 (max_gross_exposure atteint)
[stdout] 2026-05-10 10:11:13,838 INFO     risk_management.position_sizer -- Notional insuffisant pour UPST — rejet (shares=2 price=74.06 notional=148.12 min=150.00).
[stdout] 2026-05-10 10:11:13,838 INFO     risk_management.risk_checker -- Position reduite pour NTGR: 18 -> 0 (max_gross_exposure atteint)
[stdout] 2026-05-10 10:11:13,838 INFO     risk_management.risk_checker -- Position reduite pour CVNA: 6 -> 0 (max_gross_exposure atteint)
[stdout] 2026-05-10 10:11:13,887 INFO     risk_management.position_sizer -- Notional insuffisant pour APP — rejet (shares=0 price=319.59 notional=0.00 min=150.00).
[stdout] 2026-05-10 10:11:13,887 INFO     risk_management.risk_checker -- Position reduite pour WVE: 14 -> 0 (min_position_notional non atteint)
[stdout] 2026-05-10 10:11:13,888 INFO     risk_management.risk_checker -- Position reduite pour WWW: 14 -> 0 (min_position_notional non atteint)
[stdout] 2026-05-10 10:11:13,888 INFO     risk_management.risk_checker -- Position reduite pour SEI: 14 -> 0 (min_position_notional non atteint)
[stdout] 2026-05-10 10:11:13,888 INFO     risk_management.risk_checker -- Position reduite pour SXC: 31 -> 0 (min_position_notional non atteint)
[stdout] 2026-05-10 10:11:13,888 INFO     risk_management.position_sizer -- Notional insuffisant pour AXON — rejet (shares=0 price=619.00 notional=0.00 min=150.00).
[stdout] 2026-05-10 10:11:13,888 INFO     risk_management.risk_checker -- Position reduite pour CVNA: 6 -> 0 (min_position_notional non atteint)
[stdout] 2026-05-10 10:11:13,888 INFO     risk_management.risk_checker -- Position reduite pour SYF: 7 -> 0 (min_position_notional non atteint)
[stdout] 2026-05-10 10:11:13,888 INFO     risk_management.risk_checker -- Position reduite pour Z: 4 -> 0 (min_position_notional non atteint)
[stdout] 2026-05-10 10:11:13,888 INFO     risk_management.risk_checker -- Position reduite pour CAPR: 9 -> 0 (min_position_notional non atteint)
[stdout] 2026-05-10 10:11:13,938 INFO     risk_management.position_sizer -- Notional insuffisant pour APP — rejet (shares=0 price=329.77 notional=0.00 min=150.00).
[stdout] 2026-05-10 10:11:13,938 INFO     risk_management.position_sizer -- Notional insuffisant pour AXON — rejet (shares=0 price=632.16 notional=0.00 min=150.00).
[stdout] 2026-05-10 10:11:13,938 INFO     risk_management.risk_checker -- Position reduite pour WGS: 2 -> 0 (max_gross_exposure atteint)
[stdout] 2026-05-10 10:11:13,938 INFO     risk_management.risk_checker -- Position reduite pour DORM: 2 -> 0 (max_gross_exposure atteint)
[stdout] 2026-05-10 10:11:13,938 INFO     risk_management.risk_checker -- Position reduite pour UAL: 4 -> 0 (max_gross_exposure atteint)
[stdout] 2026-05-10 10:11:13,938 INFO     risk_management.risk_checker -- Position reduite pour AGX: 1 -> 0 (max_gross_exposure atteint)
[stdout] 2026-05-10 10:11:13,938 INFO     risk_management.risk_checker -- Position reduite pour CNO: 14 -> 0 (max_gross_exposure atteint)
[stdout] 2026-05-10 10:11:13,938 INFO     risk_management.risk_checker -- Position reduite pour CVNA: 6 -> 0 (max_gross_exposure atteint)
[stdout] 2026-05-10 10:11:13,987 INFO     risk_management.position_sizer -- Notional insuffisant pour APP — rejet (shares=0 price=328.56 notional=0.00 min=150.00).
[stdout] 2026-05-10 10:11:13,987 INFO     risk_management.risk_checker -- Position reduite pour WS: 9 -> 0 (min_position_notional non atteint)
[stdout] 2026-05-10 10:11:13,987 INFO     risk_management.risk_checker -- Position reduite pour PCT: 16 -> 0 (min_position_notional non atteint)
[stdout] 2026-05-10 10:11:13,987 INFO     risk_management.risk_checker -- Position reduite pour AAON: 2 -> 0 (max_gross_exposure atteint)
[stdout] 2026-05-10 10:11:13,987 INFO     risk_management.risk_checker -- Position reduite pour RKLB: 7 -> 0 (min_position_notional non atteint)
[stdout] 2026-05-10 10:11:13,987 INFO     risk_management.risk_checker -- Position reduite pour UAL: 4 -> 0 (max_gross_exposure atteint)
[stdout] 2026-05-10 10:11:13,987 INFO     risk_management.risk_checker -- Position reduite pour WGS: 2 -> 0 (max_gross_exposure atteint)
[stdout] 2026-05-10 10:11:13,987 INFO     risk_management.risk_checker -- Position reduite pour CAPR: 9 -> 0 (min_position_notional non atteint)
[stdout] 2026-05-10 10:11:14,039 INFO     risk_management.position_sizer -- Notional insuffisant pour APP — rejet (shares=0 price=328.56 notional=0.00 min=150.00).
[stdout] 2026-05-10 10:11:14,040 INFO     risk_management.risk_checker -- Position reduite pour WS: 9 -> 0 (min_position_notional non atteint)
[stdout] 2026-05-10 10:11:14,040 INFO     risk_management.risk_checker -- Position reduite pour PCT: 16 -> 0 (min_position_notional non atteint)
[stdout] 2026-05-10 10:11:14,040 INFO     risk_management.risk_checker -- Position reduite pour AAON: 2 -> 0 (max_gross_exposure atteint)
[stdout] 2026-05-10 10:11:14,040 INFO     risk_management.risk_checker -- Position reduite pour RKLB: 7 -> 0 (min_position_notional non atteint)
[stdout] 2026-05-10 10:11:14,040 INFO     risk_management.risk_checker -- Position reduite pour UAL: 4 -> 0 (max_gross_exposure atteint)
[stdout] 2026-05-10 10:11:14,040 INFO     risk_management.risk_checker -- Position reduite pour WGS: 2 -> 0 (max_gross_exposure atteint)
[stdout] 2026-05-10 10:11:14,040 INFO     risk_management.risk_checker -- Position reduite pour CAPR: 9 -> 0 (min_position_notional non atteint)
[stdout] 2026-05-10 10:11:14,095 INFO     risk_management.position_sizer -- Notional insuffisant pour APP — rejet (shares=0 price=336.75 notional=0.00 min=150.00).
[stdout] 2026-05-10 10:11:14,096 INFO     risk_management.risk_checker -- Position reduite pour CVNA: 7 -> 0 (min_position_notional non atteint)
[stdout] 2026-05-10 10:11:14,096 INFO     risk_management.risk_checker -- Position reduite pour SEI: 13 -> 0 (min_position_notional non atteint)
[stdout] 2026-05-10 10:11:14,096 INFO     risk_management.risk_checker -- Position reduite pour RKLB: 7 -> 0 (min_position_notional non atteint)
[stdout] 2026-05-10 10:11:14,096 INFO     risk_management.risk_checker -- Position reduite pour Z: 4 -> 0 (min_position_notional non atteint)
[stdout] 2026-05-10 10:11:14,096 INFO     risk_management.risk_checker -- Position reduite pour UAL: 4 -> 0 (min_position_notional non atteint)
[stdout] 2026-05-10 10:11:14,096 INFO     risk_management.risk_checker -- Position reduite pour WGS: 2 -> 0 (min_position_notional non atteint)
[stdout] 2026-05-10 10:11:14,096 INFO     risk_management.risk_checker -- Position reduite pour AAON: 2 -> 0 (min_position_notional non atteint)
[stdout] 2026-05-10 10:11:14,145 INFO     risk_management.position_sizer -- Notional insuffisant pour AXON — rejet (shares=0 price=636.39 notional=0.00 min=150.00).
[stdout] 2026-05-10 10:11:14,145 INFO     risk_management.position_sizer -- Notional insuffisant pour APP — rejet (shares=0 price=340.59 notional=0.00 min=150.00).
[stdout] 2026-05-10 10:11:14,145 INFO     risk_management.risk_checker -- Position reduite pour PAY: 7 -> 0 (max_gross_exposure atteint)
[stdout] 2026-05-10 10:11:14,145 INFO     risk_management.risk_checker -- Position reduite pour UAL: 4 -> 0 (max_gross_exposure atteint)
[stdout] 2026-05-10 10:11:14,145 INFO     risk_management.risk_checker -- Position reduite pour DCOM: 10 -> 0 (max_gross_exposure atteint)
[stdout] 2026-05-10 10:11:14,145 INFO     risk_management.risk_checker -- Position reduite pour GRMN: 4 -> 0 (max_gross_exposure atteint)
[stdout] 2026-05-10 10:11:14,145 INFO     risk_management.risk_checker -- Position reduite pour Z: 4 -> 0 (max_gross_exposure atteint)
[stdout] 2026-05-10 10:11:14,145 INFO     risk_management.risk_checker -- Position reduite pour CVNA: 8 -> 0 (max_gross_exposure atteint)
[stdout] 2026-05-10 10:11:14,194 INFO     risk_management.position_sizer -- Notional insuffisant pour APP — rejet (shares=0 price=366.55 notional=0.00 min=150.00).
[stdout] 2026-05-10 10:11:14,195 INFO     risk_management.position_sizer -- Notional insuffisant pour AXON — rejet (shares=0 price=669.87 notional=0.00 min=150.00).
[stdout] 2026-05-10 10:11:14,195 INFO     risk_management.risk_checker -- Position reduite pour PCT: 16 -> 0 (min_position_notional non atteint)
[stdout] 2026-05-10 10:11:14,195 INFO     risk_management.risk_checker -- Position reduite pour UPWK: 21 -> 0 (min_position_notional non atteint)
[stdout] 2026-05-10 10:11:14,195 INFO     risk_management.risk_checker -- Position reduite pour RIGL: 6 -> 0 (min_position_notional non atteint)
[stdout] 2026-05-10 10:11:14,195 INFO     risk_management.risk_checker -- Position reduite pour GRMN: 4 -> 0 (max_gross_exposure atteint)
[stdout] 2026-05-10 10:11:14,195 INFO     risk_management.risk_checker -- Position reduite pour WWW: 14 -> 0 (min_position_notional non atteint)
[stdout] 2026-05-10 10:11:14,195 INFO     risk_management.risk_checker -- Position reduite pour UAL: 4 -> 0 (max_gross_exposure atteint)
[stdout] 2026-05-10 10:11:14,245 INFO     risk_management.position_sizer -- Notional insuffisant pour APP — rejet (shares=0 price=373.70 notional=0.00 min=150.00).
[stdout] 2026-05-10 10:11:14,246 INFO     risk_management.risk_checker -- Position reduite pour TRUP: 5 -> 0 (max_gross_exposure atteint)
[stdout] 2026-05-10 10:11:14,246 INFO     risk_management.risk_checker -- Position reduite pour GRMN: 4 -> 0 (max_gross_exposure atteint)
[stdout] 2026-05-10 10:11:14,246 INFO     risk_management.risk_checker -- Position reduite pour GEO: 7 -> 0 (min_position_notional non atteint)
[stdout] 2026-05-10 10:11:14,246 INFO     risk_management.risk_checker -- Position reduite pour WWW: 14 -> 0 (min_position_notional non atteint)
[stdout] 2026-05-10 10:11:14,246 INFO     risk_management.risk_checker -- Position reduite pour CVNA: 8 -> 0 (max_gross_exposure atteint)
[stdout] 2026-05-10 10:11:14,246 INFO     risk_management.risk_checker -- Position reduite pour XPO: 3 -> 0 (max_gross_exposure atteint)
[stdout] 2026-05-10 10:11:14,246 INFO     risk_management.position_sizer -- Notional insuffisant pour AXON — rejet (shares=0 price=687.39 notional=0.00 min=150.00).
[stdout] 2026-05-10 10:11:14,296 INFO     risk_management.position_sizer -- Notional insuffisant pour AXON — rejet (shares=0 price=689.78 notional=0.00 min=150.00).
[stdout] 2026-05-10 10:11:14,296 INFO     risk_management.position_sizer -- Notional insuffisant pour APP — rejet (shares=0 price=379.07 notional=0.00 min=150.00).
[stdout] 2026-05-10 10:11:14,296 INFO     risk_management.risk_checker -- Position reduite pour WVE: 14 -> 0 (min_position_notional non atteint)
[stdout] 2026-05-10 10:11:14,296 INFO     risk_management.risk_checker -- Position reduite pour RIGL: 6 -> 0 (min_position_notional non atteint)
[stdout] 2026-05-10 10:11:14,297 INFO     risk_management.risk_checker -- Position reduite pour UAL: 4 -> 0 (max_gross_exposure atteint)
[stdout] 2026-05-10 10:11:14,297 INFO     risk_management.risk_checker -- Position reduite pour WTTR: 35 -> 0 (min_position_notional non atteint)
[stdout] 2026-05-10 10:11:14,297 INFO     risk_management.risk_checker -- Position reduite pour Z: 4 -> 0 (max_gross_exposure atteint)
[stdout]    Phase 2 risk bridge: snapshots=25 entries=375 accepted=155 signals=155
[stdout] 
[stdout]    Phase 7 exit lifecycle replay: exits=53 oco_cancels=53 trailing=10
[stdout] 
[stdout]    Phase 5 watcher replay: transitions=35 pending=101 failed=4
[stdout] 
[stdout]    Phase 4 protection replay: protections=140 trailing=140 initial_stop=140
[stdout] 
[stdout]    Phase 3 execution replay: scheduled_entries=140 signals=140 skipped_no_next_session=8
[stdout] 
[stdout]    Phase 2 execution bridge: targets=140 entry_intents=140 child_intents=420 fills=140
[stdout] 
[stdout] ⚡ Exécution du backtest vectorbt...
[stdout] 2026-05-10 10:11:14,354 INFO     backtesting.simulator -- Backtest avec contraintes actives: {'account_type': 'cash', 'pdt_rule': 'off', 'effective_pdt_rule': 'off', 'swing_only': True, 'pdt_equity_threshold': 25000.0, 'max_day_trades': 3, 'rolling_window_days': 5, 'cash_settlement_days': 1, 'restrict_same_day_exit': True, 'use_settled_cash_only': True}
[stdout] 2026-05-10 10:11:14,387 INFO     backtesting.simulator -- Backtest contraint terminé — valeur finale : 2160.52 — diagnostics={'blocked_same_day_exits': 4, 'blocked_pdt_day_trades': 0, 'blocked_cash_entries': 24, 'executed_day_trades': 0, 'blocked_entry_gap': 0, 'initial_stop_exits': 2, 'take_profit_exits': 2, 'trailing_stop_exits': 3, 'blocked_by_regime': 0, 'blocked_by_sectoral_cap': 0, 'blocked_by_drawdown_breaker': 0, 'protection_replay_activations': 5, 'watcher_replay_transitions': 5, 'exit_lifecycle_replayed': 7}
[stdout] 
[stdout] ============================================================
[stdout]         RAPPORT DE BACKTEST — ALPHA TRADE
[stdout] ============================================================
[stdout]   Capital initial           $2,000
[stdout]   Valeur finale             $2,160.52
[stdout]   Rendement total (prix)    8.03%
[stdout]   Rendement total (avec div.) 8.03%
[stdout]   Dividendes encaissés      $0.00
[stdout]   CAGR                      117.75%
[stdout]   Sharpe Ratio              3.300
[stdout]   Sortino Ratio             819.802
[stdout]   Calmar Ratio              1.181
[stdout]   Ulcer Index               20.093
[stdout]   Max Drawdown              99.69%
[stdout]   Nombre de trades          7
[stdout]   Win Rate                  42.9%
[stdout]   Durée moy. trade (j)      4.7
[stdout]   Profit Factor             4.35
[stdout] ============================================================
[stdout] 
[stdout] 📝 Sauvegarde du rapport structuré...
[stdout] 2026-05-10 10:11:15,359 INFO     backtesting.report -- Equity curve CSV exportée : F:\projets\artifacts\ihm_backtesting_runs\run\20260510_100925_79f6e30c\artifacts\equity_curve.csv
[stdout] 2026-05-10 10:11:15,395 INFO     backtesting.report -- Rapport JSON sauvegardé : F:\projets\artifacts\ihm_backtesting_runs\run\20260510_100925_79f6e30c\artifacts\report.json
[stdout]    → F:\projets\artifacts\ihm_backtesting_runs\run\20260510_100925_79f6e30c\artifacts\report.json
[stdout]    → F:\projets\artifacts\ihm_backtesting_runs\run\20260510_100925_79f6e30c\artifacts\equity_curve.csv
[stdout]    → F:\projets\artifacts\ihm_backtesting_runs\run\20260510_100925_79f6e30c\artifacts\fidelity_manifest.json
[stdout] 💾 Sauvegarde des artefacts...
[stdout] 2026-05-10 10:11:15,520 INFO     backtesting.report -- Equity curve (matplotlib fallback) : F:\projets\artifacts\ihm_backtesting_runs\run\20260510_100925_79f6e30c\artifacts\equity_curve.png
[stdout] 2026-05-10 10:11:15,523 INFO     backtesting.report -- Trades exportés : F:\projets\artifacts\ihm_backtesting_runs\run\20260510_100925_79f6e30c\artifacts\trades.csv (7 trades)
[stdout]    → F:\projets\artifacts\ihm_backtesting_runs\run\20260510_100925_79f6e30c\artifacts\equity_curve.png
[stdout]    → F:\projets\artifacts\ihm_backtesting_runs\run\20260510_100925_79f6e30c\artifacts\trades.csv
[stdout] 2026-05-10 10:11:15,524 INFO     backtesting.report -- Rapport JSON sauvegardé : F:\projets\artifacts\ihm_backtesting_runs\run\20260510_100925_79f6e30c\artifacts\report.json
[stdout] ✅ Backtest terminé.
[stdout] 
[stdout] [0m